<html>
<body>
<pre>
<h1>µVision Build Log</h1>
<h2>Tool Versions:</h2>
IDE-Version: µVision V5.17.0.0
Copyright (C) 2015 ARM Ltd and ARM Germany GmbH. All rights reserved.
License Information: Nagui Mikhail Carleton University Flex license: MDK-ARM Professional: 100 user(s) (mdk_pro) Operation stops: 9 Jul 2016
 
Tool Versions:
Toolchain:       MDK-ARM Professional: 100 user(s)  Version: 5.17
Toolchain Path:  C:\Keil_v5\ARM\ARMCC\Bin
C Compiler:      Armcc.exe V5.06 update 1 (build 61)
Assembler:       Armasm.exe V5.06 update 1 (build 61)
Linker/Locator:  ArmLink.exe V5.06 update 1 (build 61)
Library Manager: ArmAr.exe V5.06 update 1 (build 61)
Hex Converter:   FromElf.exe V5.06 update 1 (build 61)
CPU DLL:         SARMCM3.DLL V5.17
Dialog DLL:      DCM.DLL V1.13.4.0
Target DLL:      lmidk-agdi.dll V???
Dialog DLL:      TCM.DLL V1.14.6.0
 
<h2>Project:</h2>
C:\Users\dpolan\Documents\TivaC-Stabalizer\keil\lab5.uvprojx
Project File Date:  12/06/2015

<h2>Output:</h2>
*** Using Compiler 'V5.06 update 1 (build 61)', folder: 'C:\Keil_v5\ARM\ARMCC\Bin'
Build target 'Target 1'
compiling main.cpp...
main.cpp(148): warning:  #1035-D: single-precision operand implicitly converted to double-precision
  		float g0 = gyro->lastRead_gyro[0] - 
YRO_STAT_G0; //x1 axis
main.cpp(142): warning:  #177-D: variable "z" was declared but never referenced
  		float z = accel->lastRead_accel[2];
main.cpp(148): warning:  #177-D: variable "g0" was declared but never referenced
  		float g0 = gyro->lastRead_gyro[0] - GYRO_STAT_G0; //x1 axis
main.cpp(149): warning:  #177-D: variable "g1" was declared but never referenced
  		float g1 = gyro->lastRead_gyro[1] - GYRO_STAT_G1; //x2 axis
main.cpp(187): warning:  #111-D: statement is unreachable
  	return 0;
main.cpp: 5 warnings, 0 errors
linking...
Program Size: Code=17120 RO-data=2784 RW-data=1644 ZI-data=4836  
".\Objects\lab5.axf" - 0 Error(s), 5 Warning(s).

<h2>Software Packages used:</h2>

Package Vendor: ARM
                http://www.keil.com/pack/ARM.CMSIS.4.5.0.pack
                ARM::CMSIS:CORE:4.3.0
                CMSIS (Cortex Microcontroller Software Interface Standard)
   * Component: CORE Version: 4.3.0

Package Vendor: Keil
                http://www.keil.com/pack/Keil.TM4C_DFP.1.0.0.pack
                Keil::Device:Startup:1.0.0
                Texas Instruments Tiva C Series Device Support and Examples
   * Component: Startup Version: 1.0.0

<h2>Collection of Component include folders:</h2>
  C:\Users\dpolan\Documents\TivaC-Stabalizer\keil\RTE
  C:\Keil_v5\ARM\PACK\ARM\CMSIS\4.5.0\CMSIS\Include
  C:\Keil_v5\ARM\PACK\CU_SYSC4906\LabF14_DFP\1.0.7\Device\CU\Include\TM4C123
  C:\Keil_v5\ARM\PACK\Keil\TM4C_DFP\1.0.0\Device\Include\TM4C123

<h2>Collection of Component Files used:</h2>

   * Component: ARM::CMSIS:CORE:4.3.0

   * Component: Keil::Device:Startup:1.0.0
      Include file:  Device\Include\TM4C123\TM4C123.h
      Source file:   Device\Source\ARM\startup_TM4C123.s
      Source file:   Device\Source\system_TM4C123.c
Build Time Elapsed:  00:00:01
</pre>
</body>
</html>
